// Jest Snapshot v1, https://goo.gl/fbAQLP

exports[`DomainSecuritySummaryMessages when failures or warnings are present should match the snapshot 1`] = `
<div>
  <div
    style="margin: 0.2em 0em; max-width: 600px;"
    class="ui error message MailCheckMessage--container"
  >
    DMARC
    configuration has 
    1
    urgent issue
  </div>
  <div
    style="margin: 0.2em 0em; max-width: 600px;"
    class="ui warning message MailCheckMessage--container"
  >
    DMARC
    configuration has 
    2
    advisory issue
    s
  </div>
</div>
`;
