// Jest Snapshot v1, https://goo.gl/fbAQLP

exports[`AggregateReportStatistic when getting an aggregate report statistic it should match the snapshot 1`] = `
<div>
  <div
    class="Statistic"
  >
    <h3
      style="margin: 0px;"
      class="ui header StatisticTitle"
    >
      stat
    </h3>
    <h1
      style="margin: 0px;"
      class="ui header StatisticValue"
    >
      2.0k
    </h1>
    <p
      class="StatisticPeriod"
    >
      last week
    </p>
  </div>
</div>
`;
