// Jest Snapshot v1, https://goo.gl/fbAQLP

exports[`AggregateReportChartLegendItem when getting a chart legend item it should match the snapshot 1`] = `
<div>
  <h2
    class="ui header ChartLegendHeader"
  >
    -
  </h2>
  <div
    class="ChartLegendMarker"
    style="background: rgb(255, 255, 255);"
  />
  legend item
</div>
`;
