// Jest Snapshot v1, https://goo.gl/fbAQLP

exports[`DomainSecurityDetailsMx when no records are provided it should match the snapshot 1`] = `
<div>
  <div>
    <div
      class="ui breadcrumb"
    >
      <div
        class="section"
      >
        <a
          href="/"
        >
          Home
        </a>
      </div>
      <i
        aria-hidden="true"
        class="right angle icon divider"
      />
      <div
        class="section"
      >
        <a
          href="/domain-security/123"
        />
      </div>
      <i
        aria-hidden="true"
        class="right angle icon divider"
      />
      <div
        class="active section"
      >
        SPF
      </div>
    </div>
  </div>
  <h1
    class="ui header DomainSecurityTitle--header"
  >
    SPF
  </h1>
  <div
    class="DomainSecurityTitle--icon"
  />
  <div
    class="ui hidden divider"
  />
  <p>
    bleh
  </p>
</div>
`;
