// Jest Snapshot v1, https://goo.gl/fbAQLP

exports[`ShowMoreDropdown it should match the snapshot 1`] = `
<div>
  <div
    class="accordion ui"
  >
    <div
      class="title ShowMoreDropdown--title"
    >
      <i
        aria-hidden="true"
        class="dropdown icon ShowMoreDropdown--icon"
      />
      <span
        class="ShowMoreDropdown--title-text"
      >
        Show more
      </span>
    </div>
    <div
      class="content"
    >
      <div
        class="ShowMoreDropdown--content"
      >
        <p>
          some extra content!
        </p>
      </div>
    </div>
  </div>
</div>
`;
