// Jest Snapshot v1, https://goo.gl/fbAQLP

exports[`AggregateReportChart when getting an aggregate report chart it should match the snapshot 1`] = `
<div>
  <div
    style="position: relative; height: 0px; width: 100%; padding: 0px 0px 57.14285714285714% 0px;"
  >
    <div
      style="position: absolute; height: 100%; width: 100%; left: 0px; top: 0px; pointer-events: none;"
      class="VictoryContainer"
    >
      <svg
        width="700"
        height="400"
        role="img"
        aria-labelledby="victory-container-1-title victory-container-1-desc"
        viewBox="0 0 700 400"
        style="pointer-events: all; width: 100%; height: 100%;"
      >
        <g
          role="presentation"
        >
          <line
            x1="50"
            x2="50"
            y1="50"
            y2="350"
            style="stroke: #252525; stroke-width: 0; fill: transparent; stroke-linecap: round; stroke-linejoin: round;"
            role="presentation"
            shape-rendering="auto"
            vector-effect="non-scaling-stroke"
          />
          <g
            role="presentation"
          >
            <line
              x1="50"
              x2="650"
              y1="303.84615384615387"
              y2="303.84615384615387"
              style="stroke: #c1c2c4; stroke-width: 1; fill: none; pointer-events: painted;"
              role="presentation"
              shape-rendering="auto"
              vector-effect="non-scaling-stroke"
            />
            <line
              x1="50"
              x2="49"
              y1="303.84615384615387"
              y2="303.84615384615387"
              style="stroke: transparent; fill: transparent; size: 1px;"
              role="presentation"
              shape-rendering="auto"
              vector-effect="non-scaling-stroke"
            />
            <text
              x="39"
              dx="0"
              y="303.84615384615387"
              dy="4.26"
            >
              <tspan
                x="39"
                dx="0"
                text-anchor="end"
                style="font-size: 12px; font-weight: 500; font-family: Helvetica Neue; letter-spacing: normal; padding: 10px; fill: #252525; stroke: transparent;"
              >
                10.0
              </tspan>
            </text>
          </g>
          <g
            role="presentation"
          >
            <line
              x1="50"
              x2="650"
              y1="257.6923076923077"
              y2="257.6923076923077"
              style="stroke: #c1c2c4; stroke-width: 1; fill: none; pointer-events: painted;"
              role="presentation"
              shape-rendering="auto"
              vector-effect="non-scaling-stroke"
            />
            <line
              x1="50"
              x2="49"
              y1="257.6923076923077"
              y2="257.6923076923077"
              style="stroke: transparent; fill: transparent; size: 1px;"
              role="presentation"
              shape-rendering="auto"
              vector-effect="non-scaling-stroke"
            />
            <text
              x="39"
              dx="0"
              y="257.6923076923077"
              dy="4.26"
            >
              <tspan
                x="39"
                dx="0"
                text-anchor="end"
                style="font-size: 12px; font-weight: 500; font-family: Helvetica Neue; letter-spacing: normal; padding: 10px; fill: #252525; stroke: transparent;"
              >
                20.0
              </tspan>
            </text>
          </g>
          <g
            role="presentation"
          >
            <line
              x1="50"
              x2="650"
              y1="211.53846153846152"
              y2="211.53846153846152"
              style="stroke: #c1c2c4; stroke-width: 1; fill: none; pointer-events: painted;"
              role="presentation"
              shape-rendering="auto"
              vector-effect="non-scaling-stroke"
            />
            <line
              x1="50"
              x2="49"
              y1="211.53846153846152"
              y2="211.53846153846152"
              style="stroke: transparent; fill: transparent; size: 1px;"
              role="presentation"
              shape-rendering="auto"
              vector-effect="non-scaling-stroke"
            />
            <text
              x="39"
              dx="0"
              y="211.53846153846152"
              dy="4.26"
            >
              <tspan
                x="39"
                dx="0"
                text-anchor="end"
                style="font-size: 12px; font-weight: 500; font-family: Helvetica Neue; letter-spacing: normal; padding: 10px; fill: #252525; stroke: transparent;"
              >
                30.0
              </tspan>
            </text>
          </g>
          <g
            role="presentation"
          >
            <line
              x1="50"
              x2="650"
              y1="165.3846153846154"
              y2="165.3846153846154"
              style="stroke: #c1c2c4; stroke-width: 1; fill: none; pointer-events: painted;"
              role="presentation"
              shape-rendering="auto"
              vector-effect="non-scaling-stroke"
            />
            <line
              x1="50"
              x2="49"
              y1="165.3846153846154"
              y2="165.3846153846154"
              style="stroke: transparent; fill: transparent; size: 1px;"
              role="presentation"
              shape-rendering="auto"
              vector-effect="non-scaling-stroke"
            />
            <text
              x="39"
              dx="0"
              y="165.3846153846154"
              dy="4.26"
            >
              <tspan
                x="39"
                dx="0"
                text-anchor="end"
                style="font-size: 12px; font-weight: 500; font-family: Helvetica Neue; letter-spacing: normal; padding: 10px; fill: #252525; stroke: transparent;"
              >
                40.0
              </tspan>
            </text>
          </g>
          <g
            role="presentation"
          >
            <line
              x1="50"
              x2="650"
              y1="119.23076923076923"
              y2="119.23076923076923"
              style="stroke: #c1c2c4; stroke-width: 1; fill: none; pointer-events: painted;"
              role="presentation"
              shape-rendering="auto"
              vector-effect="non-scaling-stroke"
            />
            <line
              x1="50"
              x2="49"
              y1="119.23076923076923"
              y2="119.23076923076923"
              style="stroke: transparent; fill: transparent; size: 1px;"
              role="presentation"
              shape-rendering="auto"
              vector-effect="non-scaling-stroke"
            />
            <text
              x="39"
              dx="0"
              y="119.23076923076923"
              dy="4.26"
            >
              <tspan
                x="39"
                dx="0"
                text-anchor="end"
                style="font-size: 12px; font-weight: 500; font-family: Helvetica Neue; letter-spacing: normal; padding: 10px; fill: #252525; stroke: transparent;"
              >
                50.0
              </tspan>
            </text>
          </g>
          <g
            role="presentation"
          >
            <line
              x1="50"
              x2="650"
              y1="73.07692307692304"
              y2="73.07692307692304"
              style="stroke: #c1c2c4; stroke-width: 1; fill: none; pointer-events: painted;"
              role="presentation"
              shape-rendering="auto"
              vector-effect="non-scaling-stroke"
            />
            <line
              x1="50"
              x2="49"
              y1="73.07692307692304"
              y2="73.07692307692304"
              style="stroke: transparent; fill: transparent; size: 1px;"
              role="presentation"
              shape-rendering="auto"
              vector-effect="non-scaling-stroke"
            />
            <text
              x="39"
              dx="0"
              y="73.07692307692304"
              dy="4.26"
            >
              <tspan
                x="39"
                dx="0"
                text-anchor="end"
                style="font-size: 12px; font-weight: 500; font-family: Helvetica Neue; letter-spacing: normal; padding: 10px; fill: #252525; stroke: transparent;"
              >
                60.0
              </tspan>
            </text>
          </g>
        </g>
        <g
          role="presentation"
        >
          <line
            x1="50"
            x2="650"
            y1="350"
            y2="350"
            style="stroke: #c1c2c4; fill: transparent; stroke-width: 1; stroke-linecap: round; stroke-linejoin: round;"
            role="presentation"
            shape-rendering="auto"
            vector-effect="non-scaling-stroke"
          />
          <g
            role="presentation"
          >
            <line
              x1="50"
              x2="50"
              y1="350"
              y2="50"
              style="stroke: none; stroke-width: 0; fill: none; pointer-events: painted;"
              role="presentation"
              shape-rendering="auto"
              vector-effect="non-scaling-stroke"
            />
            <line
              x1="50"
              x2="50"
              y1="350"
              y2="351"
              style="stroke: transparent; fill: transparent; size: 1px;"
              role="presentation"
              shape-rendering="auto"
              vector-effect="non-scaling-stroke"
            />
            <text
              x="50"
              dx="0"
              y="361"
              dy="10.26"
            >
              <tspan
                x="50"
                dx="0"
                text-anchor="middle"
                style="font-size: 12px; font-weight: 500; font-family: Helvetica Neue; letter-spacing: normal; padding: 10px; fill: #252525; stroke: transparent;"
              >
                10th Dec 17
              </tspan>
            </text>
          </g>
          <g
            role="presentation"
          >
            <line
              x1="350"
              x2="350"
              y1="350"
              y2="50"
              style="stroke: none; stroke-width: 0; fill: none; pointer-events: painted;"
              role="presentation"
              shape-rendering="auto"
              vector-effect="non-scaling-stroke"
            />
            <line
              x1="350"
              x2="350"
              y1="350"
              y2="351"
              style="stroke: transparent; fill: transparent; size: 1px;"
              role="presentation"
              shape-rendering="auto"
              vector-effect="non-scaling-stroke"
            />
            <text
              x="350"
              dx="0"
              y="361"
              dy="10.26"
            >
              <tspan
                x="350"
                dx="0"
                text-anchor="middle"
                style="font-size: 12px; font-weight: 500; font-family: Helvetica Neue; letter-spacing: normal; padding: 10px; fill: #252525; stroke: transparent;"
              >
                11th Dec 17
              </tspan>
            </text>
          </g>
          <g
            role="presentation"
          >
            <line
              x1="650"
              x2="650"
              y1="350"
              y2="50"
              style="stroke: none; stroke-width: 0; fill: none; pointer-events: painted;"
              role="presentation"
              shape-rendering="auto"
              vector-effect="non-scaling-stroke"
            />
            <line
              x1="650"
              x2="650"
              y1="350"
              y2="351"
              style="stroke: transparent; fill: transparent; size: 1px;"
              role="presentation"
              shape-rendering="auto"
              vector-effect="non-scaling-stroke"
            />
            <text
              x="650"
              dx="0"
              y="361"
              dy="10.26"
            >
              <tspan
                x="650"
                dx="0"
                text-anchor="middle"
                style="font-size: 12px; font-weight: 500; font-family: Helvetica Neue; letter-spacing: normal; padding: 10px; fill: #252525; stroke: transparent;"
              >
                12th Dec 17
              </tspan>
            </text>
          </g>
        </g>
        <g>
          <g
            style="position: absolute; height: 100%; width: 100%; left: 0px; top: 0px;"
          >
            <defs>
              <clippath
                id="victory-clip-2"
              >
                <rect
                  x="50"
                  y="50"
                  width="600"
                  height="300"
                  role="presentation"
                  shape-rendering="auto"
                  vector-effect="non-scaling-stroke"
                />
              </clippath>
            </defs>
            <g
              clip-path="url(#victory-clip-2)"
            >
              <g>
                <path
                  d="M50,345.38461538461536L350,322.3076923076923L650,299.2307692307692L650,350L350,350L50,350Z"
                  style="fill: #c6cd80; stroke: none; stroke-width: 2;"
                  role="presentation"
                  shape-rendering="auto"
                />
                <path
                  d="M50,345.38461538461536L350,322.3076923076923L650,299.2307692307692"
                  style="fill: none; stroke: #1a1e04; stroke-width: 2;"
                  role="presentation"
                  shape-rendering="auto"
                />
              </g>
            </g>
          </g>
          <g
            style="position: absolute; height: 100%; width: 100%; left: 0px; top: 0px;"
          >
            <defs>
              <clippath
                id="victory-clip-3"
              >
                <rect
                  x="50"
                  y="50"
                  width="600"
                  height="300"
                  role="presentation"
                  shape-rendering="auto"
                  vector-effect="non-scaling-stroke"
                />
              </clippath>
            </defs>
            <g
              clip-path="url(#victory-clip-3)"
            >
              <g>
                <path
                  d="M50,336.15384615384613L350,290L650,243.84615384615384L650,299.2307692307692L350,322.3076923076923L50,345.38461538461536Z"
                  style="fill: #98f0e9; stroke: none; stroke-width: 2;"
                  role="presentation"
                  shape-rendering="auto"
                />
                <path
                  d="M50,336.15384615384613L350,290L650,243.84615384615384"
                  style="fill: none; stroke: #0b2321; stroke-width: 2;"
                  role="presentation"
                  shape-rendering="auto"
                />
              </g>
            </g>
          </g>
          <g
            style="position: absolute; height: 100%; width: 100%; left: 0px; top: 0px;"
          >
            <defs>
              <clippath
                id="victory-clip-4"
              >
                <rect
                  x="50"
                  y="50"
                  width="600"
                  height="300"
                  role="presentation"
                  shape-rendering="auto"
                  vector-effect="non-scaling-stroke"
                />
              </clippath>
            </defs>
            <g
              clip-path="url(#victory-clip-4)"
            >
              <g>
                <path
                  d="M50,322.3076923076923L350,253.07692307692307L650,183.84615384615384L650,243.84615384615384L350,290L50,336.15384615384613Z"
                  style="fill: #9fd0fb; stroke: none; stroke-width: 2;"
                  role="presentation"
                  shape-rendering="auto"
                />
                <path
                  d="M50,322.3076923076923L350,253.07692307692307L650,183.84615384615384"
                  style="fill: none; stroke: #071f3d; stroke-width: 2;"
                  role="presentation"
                  shape-rendering="auto"
                />
              </g>
            </g>
          </g>
          <g
            style="position: absolute; height: 100%; width: 100%; left: 0px; top: 0px;"
          >
            <defs>
              <clippath
                id="victory-clip-5"
              >
                <rect
                  x="50"
                  y="50"
                  width="600"
                  height="300"
                  role="presentation"
                  shape-rendering="auto"
                  vector-effect="non-scaling-stroke"
                />
              </clippath>
            </defs>
            <g
              clip-path="url(#victory-clip-5)"
            >
              <g>
                <path
                  d="M50,303.84615384615387L350,211.53846153846152L650,119.23076923076923L650,183.84615384615384L350,253.07692307692307L50,322.3076923076923Z"
                  style="fill: #f5c05e; stroke: none; stroke-width: 2;"
                  role="presentation"
                  shape-rendering="auto"
                />
                <path
                  d="M50,303.84615384615387L350,211.53846153846152L650,119.23076923076923"
                  style="fill: none; stroke: #221803; stroke-width: 2;"
                  role="presentation"
                  shape-rendering="auto"
                />
              </g>
            </g>
          </g>
          <g
            style="position: absolute; height: 100%; width: 100%; left: 0px; top: 0px;"
          >
            <defs>
              <clippath
                id="victory-clip-6"
              >
                <rect
                  x="50"
                  y="50"
                  width="600"
                  height="300"
                  role="presentation"
                  shape-rendering="auto"
                  vector-effect="non-scaling-stroke"
                />
              </clippath>
            </defs>
            <g
              clip-path="url(#victory-clip-6)"
            >
              <g>
                <path
                  d="M50,280.7692307692308L350,165.3846153846154L650,50L650,119.23076923076923L350,211.53846153846152L50,303.84615384615387Z"
                  style="fill: #f0a1f1; stroke: none; stroke-width: 2;"
                  role="presentation"
                  shape-rendering="auto"
                />
                <path
                  d="M50,280.7692307692308L350,165.3846153846154L650,50"
                  style="fill: none; stroke: #3a0936; stroke-width: 2;"
                  role="presentation"
                  shape-rendering="auto"
                />
              </g>
            </g>
          </g>
        </g>
      </svg>
      <div
        style="z-index: 99; position: absolute; top: 0px; left: 0px; width: 100%; height: 100%;"
      >
        <svg
          width="700"
          height="400"
          viewBox="0 0 700 400"
          style="overflow: visible; width: 100%; height: 100%;"
        />
      </div>
    </div>
  </div>
</div>
`;
